Microchip MPLAB XC8 Compiler V2.40

Linker command line:

-W-3 \
  --edf=C:\Program Files\Microchip\xc8\v2.40\pic\dat\20220703182018_en.msgs \
  -cn \
  -h+dist/default/debug\final-project-antonin-roche-sarkis-paul-shadarevian.X.debug.sym \
  --cmf=dist/default/debug\final-project-antonin-roche-sarkis-paul-shadarevian.X.debug.cmf \
  -z -Q18F67K40 -oC:\Users\sps220\AppData\Local\Temp\xcAsc70.4 \
  --defsym=__MPLAB_BUILD=1 --fixupoverflow=error \
  -Mdist/default/debug/final-project-antonin-roche-sarkis-paul-shadarevian.X.debug.map \
  --md=C:\Users\sps220\AppData\Local\Temp\xcAsc70.dat -E1 -ver=XC8 Compiler \
  --acfsm=1493 -ACODE=00h-01FFFFh -ACONST=00h-01FFFFh \
  -ASMALLCONST=0E00h-0EFFhx498 -AMEDIUMCONST=0E00h-0FFFFh,010E00h-01FFFFh \
  -ACOMRAM=01h-05Fh -AABS1=00h-0DE9h -ABIGRAM=01h-0DE9h \
  -ARAM=060h-0FFh,0100h-01FFhx12,0D00h-0DE9h -ABANK0=060h-0FFh \
  -ABANK1=0100h-01FFh -ABANK2=0200h-02FFh -ABANK3=0300h-03FFh \
  -ABANK4=0400h-04FFh -ABANK5=0500h-05FFh -ABANK6=0600h-06FFh \
  -ABANK7=0700h-07FFh -ABANK8=0800h-08FFh -ABANK9=0900h-09FFh \
  -ABANK10=0A00h-0AFFh -ABANK11=0B00h-0BFFh -ABANK12=0C00h-0CFFh \
  -ABANK13=0D00h-0DE9h \
  -ASFR=0DEFh-0DFFh,0E00h-0EFFh,0F00h-0F5Fh,0F60h-0FFFh \
  -ABIGSFR=0DEFh-0FFFh -ACONFIG=0300000h-030000Bh -AIDLOC=0200000h-020000Fh \
  -AEEDATA=0310000h-03103FFh -peeprom_data=EEDATA \
  -preset_vec=00h,intcode=08h,intcodelo,powerup,init -pramtop=0E00h \
  -psmallconst=SMALLCONST -pmediumconst=MEDIUMCONST -pconst=CONST \
  -AFARRAM=00h-00h \
  -prdata=COMRAM,nvrram=COMRAM,nvbit=COMRAM,rbss=COMRAM,rbit=COMRAM \
  -pfarbss=FARRAM,fardata=FARRAM,nvFARRAM=FARRAM \
  -pintsave_regs=BIGRAM,bigbss=BIGRAM,bigdata=BIGRAM -pbss=RAM \
  -pidata=CODE,irdata=CODE,ibigdata=CODE,ifardata=CODE -prparam=COMRAM \
  C:\Users\sps220\AppData\Local\Temp\xcAsc70.o \
  dist/default/debug\final-project-antonin-roche-sarkis-paul-shadarevian.X.debug.o 

Object code version is 3.11

Machine type is 18F67K40



                Name                               Link     Load   Length Selector   Space Scale
C:\Users\sps220\AppData\Local\Temp\xcAsc70.o
                idloc                            200000   200000       10        0       5
                config                           300000   300000        C        0       4
                init                                 3A       3A        4        4       0
                reset_vec                             0        0        6        0       0
dist/default/debug\final-project-antonin-roche-sarkis-paul-shadarevian.X.debug.o
                intcode                               8        8       32        4       0
                idloc                            200000   200000       10        0       5
                config                           300000   300000        C        0       4
                temp                                 57       57        1        1       1
                text42                             2890     2890        8        4       0
                text40                             2728     2728       30        4       0
                text39                             282A     282A       1A        4       0
                text38                             2866     2866        C        4       0
                text37                             2810     2810       1A        4       0
                text36                             244E     244E       74        4       0
                text35                             27AA     27AA       26        4       0
                text34                             1870     1870      16C        4       0
                text33                             20AE     20AE       CC        4       0
                text32                             24C2     24C2       72        4       0
                text31                             1EE0     1EE0       E8        4       0
                text30                             1FC8     1FC8       E6        4       0
                text29                             1C20     1C20       EE        4       0
                text28                             1DF8     1DF8       E8        4       0
                text27                             1D0E     1D0E       EA        4       0
                text26                             2240     2240       C2        4       0
                text25                             2302     2302       BC        4       0
                text24                             19DC     19DC      13E        4       0
                text23                             2844     2844       16        4       0
                text22                             217A     217A       C6        4       0
                text21                             14E2     14E2      1DA        4       0
                text20                             2758     2758       2A        4       0
                text19                             2782     2782       28        4       0
                text18                             2886     2886        A        4       0
                text17                             287C     287C        A        4       0
                text16                             285A     285A        C        4       0
                text15                             27F0     27F0       20        4       0
                text14                             26B6     26B6       40        4       0
                text13                             2674     2674       42        4       0
                text12                             2872     2872        A        4       0
                text11                             2624     2624       50        4       0
                text10                             25D4     25D4       50        4       0
                text9                              2584     2584       50        4       0
                text8                              2534     2534       50        4       0
                text7                              1148     1148      39A        4       0
                text6                               D1E      D1E      42A        4       0
                text5                              1B1A     1B1A      106        4       0
                text4                              16BC     16BC      1B4        4       0
                text3                                3E       3E      694        4       0
                text2                              23BE     23BE       90        4       0
                text1                              27D0     27D0       20        4       0
                text0                               6D2      6D2      64C        4       0
                cstackCOMRAM                          1        1       4D        1       1
                cstackBANK0                          60       60       48       60       1
                bssBANK2                            200      200       C8      200       1
                bssBANK1                            100      100       64      100       1
                bssBANK0                             A8       A8        1       60       1
                bssCOMRAM                            4E       4E        9        1       1
                cinit                              26F6     26F6       32        4       0

TOTAL           Name                               Link     Load   Length     Space
        CLASS   CODE           
                intcode                               8        8       32         0
                init                                 3A       3A        4         0
                reset_vec                             0        0        6         0
                text42                             2890     2890        8         0
                text40                             2728     2728       30         0
                text39                             282A     282A       1A         0
                text38                             2866     2866        C         0
                text37                             2810     2810       1A         0
                text36                             244E     244E       74         0
                text35                             27AA     27AA       26         0
                text34                             1870     1870      16C         0
                text33                             20AE     20AE       CC         0
                text32                             24C2     24C2       72         0
                text31                             1EE0     1EE0       E8         0
                text30                             1FC8     1FC8       E6         0
                text29                             1C20     1C20       EE         0
                text28                             1DF8     1DF8       E8         0
                text27                             1D0E     1D0E       EA         0
                text26                             2240     2240       C2         0
                text25                             2302     2302       BC         0
                text24                             19DC     19DC      13E         0
                text23                             2844     2844       16         0
                text22                             217A     217A       C6         0
                text21                             14E2     14E2      1DA         0
                text20                             2758     2758       2A         0
                text19                             2782     2782       28         0
                text18                             2886     2886        A         0
                text17                             287C     287C        A         0
                text16                             285A     285A        C         0
                text15                             27F0     27F0       20         0
                text14                             26B6     26B6       40         0
                text13                             2674     2674       42         0
                text12                             2872     2872        A         0
                text11                             2624     2624       50         0
                text10                             25D4     25D4       50         0
                text9                              2584     2584       50         0
                text8                              2534     2534       50         0
                text7                              1148     1148      39A         0
                text6                               D1E      D1E      42A         0
                text5                              1B1A     1B1A      106         0
                text4                              16BC     16BC      1B4         0
                text3                                3E       3E      694         0
                text2                              23BE     23BE       90         0
                text1                              27D0     27D0       20         0
                text0                               6D2      6D2      64C         0
                cinit                              26F6     26F6       32         0

        CLASS   CONST          

        CLASS   SMALLCONST     

        CLASS   MEDIUMCONST    

        CLASS   COMRAM         
                temp                                 57       57        1         1
                cstackCOMRAM                          1        1       4D         1
                bssCOMRAM                            4E       4E        9         1

        CLASS   ABS1           

        CLASS   BIGRAM         

        CLASS   RAM            

        CLASS   BANK0          
                cstackBANK0                          60       60       48         1
                bssBANK0                             A8       A8        1         1

        CLASS   BANK1          
                bssBANK1                            100      100       64         1

        CLASS   BANK2          
                bssBANK2                            200      200       C8         1

        CLASS   BANK3          

        CLASS   BANK4          

        CLASS   BANK5          

        CLASS   BANK6          

        CLASS   BANK7          

        CLASS   BANK8          

        CLASS   BANK9          

        CLASS   BANK10         

        CLASS   BANK11         

        CLASS   BANK12         

        CLASS   BANK13         

        CLASS   SFR            

        CLASS   BIGSFR         

        CLASS   CONFIG         
                config                           300000   300000        C         4

        CLASS   IDLOC          
                idloc                            200000   200000       10         5

        CLASS   EEDATA         

        CLASS   FARRAM         

        CLASS   HEAP           

        CLASS   STACK          



SEGMENTS        Name                           Load    Length   Top    Selector   Space  Class

                reset_vec                      000000  000006  000006         0       0  CODE    
                cstackCOMRAM                   000001  000057  000058         1       1  COMRAM  
                intcode                        000008  002890  002898         4       0  CODE    
                cstackBANK0                    000060  000049  0000A9        60       1  BANK0   
                bssBANK1                       000100  000064  000164       100       1  BANK1   
                bssBANK2                       000200  0000C8  0002C8       200       1  BANK2   


UNUSED ADDRESS RANGES

        Name                Unused          Largest block    Delta
        BANK0            0000A9-0000FF               57
        BANK1            000164-0001FF               9C
        BANK10           000A00-000AFF              100
        BANK11           000B00-000BFF              100
        BANK12           000C00-000CFF              100
        BANK13           000D00-000DE9               EA
        BANK2            0002C8-0002FF               38
        BANK3            000300-0003FF              100
        BANK4            000400-0004FF              100
        BANK5            000500-0005FF              100
        BANK6            000600-0006FF              100
        BANK7            000700-0007FF              100
        BANK8            000800-0008FF              100
        BANK9            000900-0009FF              100
        BIGRAM           000058-00005F                8
                         0000A9-0000FF               57
                         000164-0001FF               9C
                         0002C8-000DE9              B22
        BIGSFR           000DEF-000FFF              211
        CODE             000006-000007                2
                         002898-01FFFF            1D768
        COMRAM           000058-00005F                8
        CONST            000006-000007                2
                         002898-01FFFF            1D768
        EEDATA           310000-3103FF              400
        MEDIUMCONST      002898-00FFFF             D768
                         010E00-01FFFF             F200
        RAM              0000A9-0000FF               57
                         000164-0001FF               9C
                         0002C8-000DE9              100
        SFR              000DEF-000FFF              100
        SMALLCONST       002898-01FFFF              100

                                  Symbol Table

?_ADC_getval                   cstackCOMRAM 000001
?___fldiv                      cstackCOMRAM 00000F
?___flmul                      cstackCOMRAM 000001
?___fltol                      cstackCOMRAM 00001A
?___lwdiv                      cstackCOMRAM 00000C
?___wmul                       cstackCOMRAM 000001
?___xxtofl                     cstackCOMRAM 000001
?_color_read_Blue              cstackCOMRAM 000005
?_color_read_Clear             cstackCOMRAM 000005
?_color_read_Green             cstackCOMRAM 000005
?_color_read_Red               cstackCOMRAM 000005
ADC_getval@tmpval              cstackCOMRAM 000003
I2C_2_Master_Read@ack          cstackCOMRAM 000003
I2C_2_Master_Read@tmp          cstackCOMRAM 000004
I2C_2_Master_Write@data_byte   cstackCOMRAM 000002
_ADCON0bits                    (abs)        000F60
_ADC_getval                    text40       002728
_ADC_init                      text39       00282A
_ADPCH                         (abs)        000F5F
_ADREFbits                     (abs)        000F58
_ADRESH                        (abs)        000F64
_ANSELDbits                    (abs)        000EA7
_ANSELFbits                    (abs)        000EB4
_CCP1CONbits                   (abs)        000FAB
_CCP2CONbits                   (abs)        000FA7
_CCP3CONbits                   (abs)        000F26
_CCP4CONbits                   (abs)        000F22
_CCPR1H                        (abs)        000FAA
_CCPR2H                        (abs)        000FA6
_CCPR3H                        (abs)        000F25
_CCPR4H                        (abs)        000F21
_CCPTMRS0bits                  (abs)        000FAD
_HighISR                       intcode      000008
_I2C_2_Master_Idle             text19       002782
_I2C_2_Master_Init             text20       002758
_I2C_2_Master_Read             text13       002674
_I2C_2_Master_RepStart         text12       002872
_I2C_2_Master_Start            text18       002886
_I2C_2_Master_Stop             text17       00287C
_I2C_2_Master_Write            text16       00285A
_INTCONbits                    (abs)        000FF2
_Interrupts_init               text38       002866
_LATAbits                      (abs)        000F79
_LATCbits                      (abs)        000F7B
_LATDbits                      (abs)        000F7C
_LATEbits                      (abs)        000F7D
_LATFbits                      (abs)        000F7E
_LATGbits                      (abs)        000F7F
_LATHbits                      (abs)        000F80
_PIE0bits                      (abs)        000E29
_PIR0bits                      (abs)        000E33
_PORTFbits                     (abs)        000F8E
_RC7PPS                        (abs)        000E69
_RD5PPS                        (abs)        000E6F
_RD6PPS                        (abs)        000E70
_RE2PPS                        (abs)        000E74
_RE4PPS                        (abs)        000E76
_RG6PPS                        (abs)        000E88
_SSP2ADD                       (abs)        000ED6
_SSP2BUF                       (abs)        000ED5
_SSP2CLKPPS                    (abs)        000E1C
_SSP2CON1bits                  (abs)        000ED9
_SSP2CON2                      (abs)        000EDA
_SSP2CON2bits                  (abs)        000EDA
_SSP2DATPPS                    (abs)        000E1D
_SSP2STAT                      (abs)        000ED8
_T0CON0bits                    (abs)        000FD5
_T0CON1bits                    (abs)        000FD6
_T2CLKCONbits                  (abs)        000FBF
_T2CONbits                     (abs)        000FBD
_T2HLTbits                     (abs)        000FBE
_T2PR                          (abs)        000FBC
_TMR0H                         (abs)        000FD4
_TMR0L                         (abs)        000FD3
_TRISAbits                     (abs)        000F81
_TRISCbits                     (abs)        000F83
_TRISDbits                     (abs)        000F84
_TRISEbits                     (abs)        000F85
_TRISFbits                     (abs)        000F86
_TRISGbits                     (abs)        000F87
_TRISHbits                     (abs)        000F88
_Timer0_init                   text37       002810
__HRAM                         (abs)        000000
__Habs1                        abs1         000000
__Hbank0                       bank0        000000
__Hbank1                       bank1        000000
__Hbank10                      bank10       000000
__Hbank11                      bank11       000000
__Hbank12                      bank12       000000
__Hbank13                      bank13       000000
__Hbank2                       bank2        000000
__Hbank3                       bank3        000000
__Hbank4                       bank4        000000
__Hbank5                       bank5        000000
__Hbank6                       bank6        000000
__Hbank7                       bank7        000000
__Hbank8                       bank8        000000
__Hbank9                       bank9        000000
__Hbigbss                      bigbss       000000
__Hbigdata                     bigdata      000000
__Hbigram                      bigram       000000
__Hbigsfr                      bigsfr       000000
__Hbss                         bss          000000
__HbssBANK0                    bssBANK0     000000
__HbssBANK1                    bssBANK1     000000
__HbssBANK2                    bssBANK2     000000
__HbssCOMRAM                   bssCOMRAM    000000
__Hcinit                       cinit        000000
__Hclrtext                     clrtext      000000
__Hcomram                      comram       000000
__Hconfig                      config       30000C
__Hconst                       const        000000
__HcstackBANK0                 cstackBANK0  000000
__HcstackCOMRAM                cstackCOMRAM 000000
__Hdata                        data         000000
__Heeprom_data                 eeprom_data  000000
__Hfarbss                      farbss       000000
__Hfardata                     fardata      000000
__Hheap                        heap         000000
__Hibigdata                    ibigdata     000000
__Hidata                       idata        000000
__Hidloc                       idloc        200010
__Hifardata                    ifardata     000000
__Hinit                        init         00003E
__Hintcode                     intcode      00003A
__Hintcode_body                intcode_body 000000
__Hintcodelo                   intcodelo    00003A
__Hintentry                    intentry     000000
__Hintret                      intret       000000
__Hintsave_regs                intsave_regs 000000
__Hirdata                      irdata       000000
__Hmediumconst                 mediumconst  000000
__HnvFARRAM                    nvFARRAM     000000
__Hnvbit                       nvbit        000000
__Hnvrram                      nvrram       000000
__Hparam                       rparam       000000
__Hpowerup                     powerup      00003A
__Hram                         ram          000000
__Hramtop                      ramtop       000E00
__Hrbit                        rbit         000000
__Hrbss                        rbss         000000
__Hrdata                       rdata        000000
__Hreset_vec                   reset_vec    000006
__Hrparam                      rparam       000000
__Hsfr                         sfr          000000
__Hsmallconst                  smallconst   000000
__Hspace_0                     (abs)        002898
__Hspace_1                     (abs)        0002C8
__Hspace_2                     (abs)        000000
__Hspace_4                     (abs)        60000C
__Hstack                       stack        000000
__Hstruct                      struct       000000
__Htemp                        temp         000058
__Htext                        text         000000
__Htext0                       text0        000000
__Htext1                       text1        000000
__Htext10                      text10       000000
__Htext11                      text11       000000
__Htext12                      text12       000000
__Htext13                      text13       000000
__Htext14                      text14       000000
__Htext15                      text15       000000
__Htext16                      text16       000000
__Htext17                      text17       000000
__Htext18                      text18       000000
__Htext19                      text19       000000
__Htext2                       text2        000000
__Htext20                      text20       000000
__Htext21                      text21       000000
__Htext22                      text22       000000
__Htext23                      text23       000000
__Htext24                      text24       000000
__Htext25                      text25       000000
__Htext26                      text26       000000
__Htext27                      text27       000000
__Htext28                      text28       000000
__Htext29                      text29       000000
__Htext3                       text3        000000
__Htext30                      text30       000000
__Htext31                      text31       000000
__Htext32                      text32       000000
__Htext33                      text33       000000
__Htext34                      text34       000000
__Htext35                      text35       000000
__Htext36                      text36       000000
__Htext37                      text37       000000
__Htext38                      text38       000000
__Htext39                      text39       000000
__Htext4                       text4        000000
__Htext40                      text40       000000
__Htext42                      text42       000000
__Htext5                       text5        000000
__Htext6                       text6        000000
__Htext7                       text7        000000
__Htext8                       text8        000000
__Htext9                       text9        000000
__LRAM                         (abs)        000001
__Labs1                        abs1         000000
__Lbank0                       bank0        000000
__Lbank1                       bank1        000000
__Lbank10                      bank10       000000
__Lbank11                      bank11       000000
__Lbank12                      bank12       000000
__Lbank13                      bank13       000000
__Lbank2                       bank2        000000
__Lbank3                       bank3        000000
__Lbank4                       bank4        000000
__Lbank5                       bank5        000000
__Lbank6                       bank6        000000
__Lbank7                       bank7        000000
__Lbank8                       bank8        000000
__Lbank9                       bank9        000000
__Lbigbss                      bigbss       000000
__Lbigdata                     bigdata      000000
__Lbigram                      bigram       000000
__Lbigsfr                      bigsfr       000000
__Lbss                         bss          000000
__LbssBANK0                    bssBANK0     000000
__LbssBANK1                    bssBANK1     000000
__LbssBANK2                    bssBANK2     000000
__LbssCOMRAM                   bssCOMRAM    000000
__Lcinit                       cinit        000000
__Lclrtext                     clrtext      000000
__Lcomram                      comram       000000
__Lconfig                      config       000000
__Lconst                       const        000000
__LcstackBANK0                 cstackBANK0  000000
__LcstackCOMRAM                cstackCOMRAM 000000
__Ldata                        data         000000
__Leeprom_data                 eeprom_data  000000
__Lfarbss                      farbss       000000
__Lfardata                     fardata      000000
__Lheap                        heap         000000
__Libigdata                    ibigdata     000000
__Lidata                       idata        000000
__Lidloc                       idloc        000000
__Lifardata                    ifardata     000000
__Linit                        init         00003A
__Lintcode                     intcode      000008
__Lintcode_body                intcode_body 000000
__Lintcodelo                   intcodelo    00003A
__Lintentry                    intentry     000000
__Lintret                      intret       000000
__Lintsave_regs                intsave_regs 000000
__Lirdata                      irdata       000000
__Lmediumconst                 mediumconst  000000
__LnvFARRAM                    nvFARRAM     000000
__Lnvbit                       nvbit        000000
__Lnvrram                      nvrram       000000
__Lparam                       rparam       000000
__Lpowerup                     powerup      00003A
__Lram                         ram          000000
__Lramtop                      ramtop       000E00
__Lrbit                        rbit         000000
__Lrbss                        rbss         000000
__Lrdata                       rdata        000000
__Lreset_vec                   reset_vec    000000
__Lrparam                      rparam       000000
__Lsfr                         sfr          000000
__Lsmallconst                  smallconst   000000
__Lspace_0                     (abs)        000000
__Lspace_1                     (abs)        000000
__Lspace_2                     (abs)        000000
__Lspace_4                     (abs)        000000
__Lstack                       stack        000000
__Lstruct                      struct       000000
__Ltemp                        temp         000057
__Ltext                        text         000000
__Ltext0                       text0        000000
__Ltext1                       text1        000000
__Ltext10                      text10       000000
__Ltext11                      text11       000000
__Ltext12                      text12       000000
__Ltext13                      text13       000000
__Ltext14                      text14       000000
__Ltext15                      text15       000000
__Ltext16                      text16       000000
__Ltext17                      text17       000000
__Ltext18                      text18       000000
__Ltext19                      text19       000000
__Ltext2                       text2        000000
__Ltext20                      text20       000000
__Ltext21                      text21       000000
__Ltext22                      text22       000000
__Ltext23                      text23       000000
__Ltext24                      text24       000000
__Ltext25                      text25       000000
__Ltext26                      text26       000000
__Ltext27                      text27       000000
__Ltext28                      text28       000000
__Ltext29                      text29       000000
__Ltext3                       text3        000000
__Ltext30                      text30       000000
__Ltext31                      text31       000000
__Ltext32                      text32       000000
__Ltext33                      text33       000000
__Ltext34                      text34       000000
__Ltext35                      text35       000000
__Ltext36                      text36       000000
__Ltext37                      text37       000000
__Ltext38                      text38       000000
__Ltext39                      text39       000000
__Ltext4                       text4        000000
__Ltext40                      text40       000000
__Ltext42                      text42       000000
__Ltext5                       text5        000000
__Ltext6                       text6        000000
__Ltext7                       text7        000000
__Ltext8                       text8        000000
__Ltext9                       text9        000000
__S0                           (abs)        002898
__S1                           (abs)        0002C8
__S4                           (abs)        000000
__S5                           (abs)        000000
___fldiv                       text7        001148
___fldiv@a                     cstackCOMRAM 000013
___fldiv@aexp                  cstackCOMRAM 000027
___fldiv@b                     cstackCOMRAM 00000F
___fldiv@bexp                  cstackCOMRAM 000026
___fldiv@grs                   cstackCOMRAM 000022
___fldiv@new_exp               cstackCOMRAM 000020
___fldiv@rem                   cstackCOMRAM 00001B
___fldiv@sign                  cstackCOMRAM 00001F
___flmul                       text6        000D1E
___flmul@a                     cstackCOMRAM 000005
___flmul@aexp                  cstackCOMRAM 000012
___flmul@b                     cstackCOMRAM 000001
___flmul@bexp                  cstackCOMRAM 000013
___flmul@grs                   cstackCOMRAM 00000E
___flmul@prod                  cstackCOMRAM 000014
___flmul@sign                  cstackCOMRAM 00000D
___flmul@temp                  cstackCOMRAM 000018
___fltol                       text5        001B1A
___fltol@exp1                  cstackCOMRAM 000023
___fltol@f1                    cstackCOMRAM 00001A
___fltol@sign1                 cstackCOMRAM 000022
___heap_hi                     (abs)        000000
___heap_lo                     (abs)        000000
___inthi_sp                    stack        000000
___intlo_sp                    stack        000000
___lwdiv                       text36       00244E
___lwdiv@counter               cstackCOMRAM 000012
___lwdiv@dividend              cstackCOMRAM 00000C
___lwdiv@divisor               cstackCOMRAM 00000E
___lwdiv@quotient              cstackCOMRAM 000010
___param_bank                  (abs)        000000
___rparam_used                 (abs)        000001
___sp                          stack        000000
___wmul                        text35       0027AA
___wmul@multiplicand           cstackCOMRAM 000003
___wmul@multiplier             cstackCOMRAM 000001
___wmul@product                cstackCOMRAM 000005
___xxtofl                      text4        0016BC
___xxtofl@arg                  cstackCOMRAM 00000B
___xxtofl@exp                  cstackCOMRAM 00000A
___xxtofl@sign                 cstackCOMRAM 000009
___xxtofl@val                  cstackCOMRAM 000001
__accesstop                    (abs)        000060
__activetblptr                 (abs)        000000
__end_of_ADC_getval            text40       002758
__end_of_ADC_init              text39       002844
__end_of_HighISR               intcode      00003A
__end_of_I2C_2_Master_Idle     text19       0027AA
__end_of_I2C_2_Master_Init     text20       002782
__end_of_I2C_2_Master_Read     text13       0026B6
__end_of_I2C_2_Master_RepStart text12       00287C
__end_of_I2C_2_Master_Start    text18       002890
__end_of_I2C_2_Master_Stop     text17       002886
__end_of_I2C_2_Master_Write    text16       002866
__end_of_Interrupts_init       text38       002872
__end_of_Timer0_init           text37       00282A
__end_of___fldiv               text7        0014E2
__end_of___flmul               text6        001148
__end_of___fltol               text5        001C20
__end_of___lwdiv               text36       0024C2
__end_of___wmul                text35       0027D0
__end_of___xxtofl              text4        001870
__end_of__initialization       cinit        00271E
__end_of_carryoutstep          text21       0016BC
__end_of_color_click_init      text14       0026F6
__end_of_color_read_Blue       text11       002674
__end_of_color_read_Clear      text10       002624
__end_of_color_read_Green      text9        0025D4
__end_of_color_read_Red        text8        002584
__end_of_color_writetoaddr     text15       002810
__end_of_decide_color          text3        0006D2
__end_of_fullSpeedAhead        text33       00217A
__end_of_initDCmotorsPWM       text2        00244E
__end_of_main                  text0        000D1E
__end_of_returnhome            text24       001B1A
__end_of_returnstep            text26       002302
__end_of_savepath              text23       00285A
__end_of_savetime              text1        0027F0
__end_of_setMotorPWM           text34       0019DC
__end_of_smallmovement         text22       002240
__end_of_square                text25       0023BE
__end_of_starttimer0           text42       002898
__end_of_stop                  text32       002534
__end_of_turn180               text31       001FC8
__end_of_turnLeft135           text30       0020AE
__end_of_turnLeft90            text29       001D0E
__end_of_turnRight135          text28       001EE0
__end_of_turnRight90           text27       001DF8
__initialization               cinit        0026F6
__mediumconst                  mediumconst  000000
__pbssBANK0                    bssBANK0     0000A8
__pbssBANK1                    bssBANK1     000100
__pbssBANK2                    bssBANK2     000200
__pbssCOMRAM                   bssCOMRAM    00004E
__pcinit                       cinit        0026F6
__pcstackBANK0                 cstackBANK0  000060
__pcstackCOMRAM                cstackCOMRAM 000001
__pintcode                     intcode      000008
__ptext0                       text0        0006D2
__ptext1                       text1        0027D0
__ptext10                      text10       0025D4
__ptext11                      text11       002624
__ptext12                      text12       002872
__ptext13                      text13       002674
__ptext14                      text14       0026B6
__ptext15                      text15       0027F0
__ptext16                      text16       00285A
__ptext17                      text17       00287C
__ptext18                      text18       002886
__ptext19                      text19       002782
__ptext2                       text2        0023BE
__ptext20                      text20       002758
__ptext21                      text21       0014E2
__ptext22                      text22       00217A
__ptext23                      text23       002844
__ptext24                      text24       0019DC
__ptext25                      text25       002302
__ptext26                      text26       002240
__ptext27                      text27       001D0E
__ptext28                      text28       001DF8
__ptext29                      text29       001C20
__ptext3                       text3        00003E
__ptext30                      text30       001FC8
__ptext31                      text31       001EE0
__ptext32                      text32       0024C2
__ptext33                      text33       0020AE
__ptext34                      text34       001870
__ptext35                      text35       0027AA
__ptext36                      text36       00244E
__ptext37                      text37       002810
__ptext38                      text38       002866
__ptext39                      text39       00282A
__ptext4                       text4        0016BC
__ptext40                      text40       002728
__ptext42                      text42       002890
__ptext5                       text5        001B1A
__ptext6                       text6        000D1E
__ptext7                       text7        001148
__ptext8                       text8        002534
__ptext9                       text9        002584
__ramtop                       ramtop       000E00
__smallconst                   smallconst   000000
_carryoutstep                  text21       0014E2
_color_click_init              text14       0026B6
_color_read_Blue               text11       002624
_color_read_Clear              text10       0025D4
_color_read_Green              text9        002584
_color_read_Red                text8        002534
_color_writetoaddr             text15       0027F0
_decide_color                  text3        00003E
_fullSpeedAhead                text33       0020AE
_initDCmotorsPWM               text2        0023BE
_interruptenable               bssCOMRAM    000054
_main                          text0        0006D2
_main$2841                     cstackBANK0  00007C
_off_period                    bssCOMRAM    00004E
_on_period                     bssCOMRAM    000050
_path                          bssBANK1     000100
_pathposition                  bssCOMRAM    000055
_returnhome                    text24       0019DC
_returnstep                    text26       002240
_savepath                      text23       002844
_savetime                      text1        0027D0
_setMotorPWM                   text34       001870
_smallmovement                 text22       00217A
_square                        text25       002302
_starttimer0                   text42       002890
_step                          bssBANK0     0000A8
_stop                          text32       0024C2
_timearray                     bssBANK2     000200
_timeposition                  bssCOMRAM    000056
_timercount                    bssCOMRAM    000052
_turn180                       text31       001EE0
_turnLeft135                   text30       001FC8
_turnLeft90                    text29       001C20
_turnRight135                  text28       001DF8
_turnRight90                   text27       001D0E
btemp                          temp         000057
carryoutstep@amb               cstackBANK0  000076
carryoutstep@motorL            cstackBANK0  000060
carryoutstep@motorR            cstackBANK0  000069
carryoutstep@mx                cstackBANK0  000074
carryoutstep@read              cstackBANK0  000072
carryoutstep@step              cstackBANK0  000078
color_read_Blue@tmp            cstackCOMRAM 00000A
color_read_Clear@tmp           cstackCOMRAM 00000A
color_read_Green@tmp           cstackCOMRAM 00000A
color_read_Red@tmp             cstackCOMRAM 00000A
color_writetoaddr@address      cstackCOMRAM 000004
color_writetoaddr@value        cstackCOMRAM 000003
decide_color@br                cstackCOMRAM 00003E
decide_color@brf               cstackCOMRAM 000032
decide_color@gr                cstackCOMRAM 00003A
decide_color@grf               cstackCOMRAM 000036
decide_color@mx                cstackCOMRAM 000028
decide_color@rr                cstackCOMRAM 00003C
decide_color@rrf               cstackCOMRAM 00002E
end_of_initialization          cinit        00271E
fullSpeedAhead@dir             cstackCOMRAM 00001D
fullSpeedAhead@mL              cstackCOMRAM 000019
fullSpeedAhead@mR              cstackCOMRAM 00001B
initDCmotorsPWM@PWMperiod      cstackCOMRAM 000001
int$flags                      temp         000057
intlevel0                      text         000000
intlevel1                      text         000000
intlevel2                      text         000000
intlevel3                      text         000000
isa$std                        (abs)        000001
isa$xinst                      (abs)        000000
main@PWMcycle                  cstackBANK0  00007A
main@a                         cstackBANK0  000079
main@ambient                   cstackBANK0  000098
main@max                       cstackBANK0  000090
main@motorL                    cstackBANK0  00007E
main@motorR                    cstackBANK0  000087
main@reading                   cstackBANK0  0000A0
returnhome@motorL              cstackCOMRAM 000037
returnhome@motorR              cstackCOMRAM 000040
returnstep@instruction         cstackCOMRAM 000036
returnstep@motorL              cstackCOMRAM 000024
returnstep@motorR              cstackCOMRAM 00002D
savepath@instruction           cstackCOMRAM 000001
savetime@timercount            cstackCOMRAM 000001
setMotorPWM@m                  cstackCOMRAM 000013
setMotorPWM@negDuty            cstackCOMRAM 000018
setMotorPWM@posDuty            cstackCOMRAM 000017
smallmovement@dir              cstackCOMRAM 000022
smallmovement@mL               cstackCOMRAM 00001E
smallmovement@mR               cstackCOMRAM 000020
square@dir                     cstackCOMRAM 000022
square@mL                      cstackCOMRAM 00001E
square@mR                      cstackCOMRAM 000020
stackhi                        (abs)        000000
stacklo                        (abs)        000000
start                          init         00003A
start_initialization           cinit        0026F6
stop@mL                        cstackCOMRAM 000019
stop@mR                        cstackCOMRAM 00001B
ttemp5                         temp         000058
ttemp6                         temp         00005B
ttemp7                         temp         00005F
turn180@mL                     cstackCOMRAM 00001E
turn180@mR                     cstackCOMRAM 000020
turnLeft135@mL                 cstackCOMRAM 00001E
turnLeft135@mR                 cstackCOMRAM 000020
turnLeft90@mL                  cstackCOMRAM 00001E
turnLeft90@mR                  cstackCOMRAM 000020
turnRight135@mL                cstackCOMRAM 00001E
turnRight135@mR                cstackCOMRAM 000020
turnRight90@mL                 cstackCOMRAM 00001E
turnRight90@mR                 cstackCOMRAM 000020
wtemp8                         temp         000058


MODULE INFORMATION

Module		Function		Class		Link	Load	Size
C:\Program Files\Microchip\xc8\v2.40\pic\sources\c99\common\sprcmul.c
		___flmul       		CODE           	0D1E	0000	1066

C:\Program Files\Microchip\xc8\v2.40\pic\sources\c99\common\sprcmul.c estimated size: 1066

C:\Program Files\Microchip\xc8\v2.40\pic\sources\c99\common\sprcdiv.c
		___fldiv       		CODE           	1148	0000	922

C:\Program Files\Microchip\xc8\v2.40\pic\sources\c99\common\sprcdiv.c estimated size: 922

C:\Program Files\Microchip\xc8\v2.40\pic\sources\c99\common\lwdiv.c
		___lwdiv       		CODE           	244E	0000	116

C:\Program Files\Microchip\xc8\v2.40\pic\sources\c99\common\lwdiv.c estimated size: 116

color.c
		_color_writetoaddr		CODE           	27F0	0000	32
		_color_click_init		CODE           	26B6	0000	64
		_color_read_Green		CODE           	2584	0000	80
		_color_read_Clear		CODE           	25D4	0000	80
		_color_read_Red		CODE           	2534	0000	80
		_decide_color  		CODE           	003E	0000	1684
		_color_read_Blue		CODE           	2624	0000	80

color.c estimated size: 2100

C:\Program Files\Microchip\xc8\v2.40\pic\sources\c99\common\fltol.c
		___fltol       		CODE           	1B1A	0000	262

C:\Program Files\Microchip\xc8\v2.40\pic\sources\c99\common\fltol.c estimated size: 262

C:\Program Files\Microchip\xc8\v2.40\pic\sources\c99\common\Umul16.c
		___wmul        		CODE           	27AA	0000	38

C:\Program Files\Microchip\xc8\v2.40\pic\sources\c99\common\Umul16.c estimated size: 38

mainfinal.c
		_main          		CODE           	06D2	0000	1612
		_HighISR       		CODE           	0008	0000	50

mainfinal.c estimated size: 1662

dc_motor.c
		_returnstep    		CODE           	2240	0000	194
		_fullSpeedAhead		CODE           	20AE	0000	204
		_turnLeft90    		CODE           	1C20	0000	238
		_turnLeft135   		CODE           	1FC8	0000	230
		_stop          		CODE           	24C2	0000	114
		_savetime      		CODE           	27D0	0000	32
		_initDCmotorsPWM		CODE           	23BE	0000	144
		_turnRight90   		CODE           	1D0E	0000	234
		_turnRight135  		CODE           	1DF8	0000	232
		_square        		CODE           	2302	0000	188
		_setMotorPWM   		CODE           	1870	0000	364
		_carryoutstep  		CODE           	14E2	0000	474
		_returnhome    		CODE           	19DC	0000	318
		_savepath      		CODE           	2844	0000	22
		_smallmovement 		CODE           	217A	0000	198
		_turn180       		CODE           	1EE0	0000	232

dc_motor.c estimated size: 3418

i2c.c
		_I2C_2_Master_Start		CODE           	2886	0000	10
		_I2C_2_Master_Read		CODE           	2674	0000	66
		_I2C_2_Master_Idle		CODE           	2782	0000	40
		_I2C_2_Master_Init		CODE           	2758	0000	42
		_I2C_2_Master_Stop		CODE           	287C	0000	10
		_I2C_2_Master_RepStart		CODE           	2872	0000	10
		_I2C_2_Master_Write		CODE           	285A	0000	12

i2c.c estimated size: 190

timer0.c
		_Timer0_init   		CODE           	2810	0000	26
		_Interrupts_init		CODE           	2866	0000	12
		_starttimer0   		CODE           	2890	0000	8

timer0.c estimated size: 46

C:\Program Files\Microchip\xc8\v2.40\pic\sources\c99\common\xxtofl.c
		___xxtofl      		CODE           	16BC	0000	436

C:\Program Files\Microchip\xc8\v2.40\pic\sources\c99\common\xxtofl.c estimated size: 436

shared
		__initialization		CODE           	26F6	0000	40

shared estimated size: 40

ADC.c
		_ADC_init      		CODE           	282A	0000	26
		_ADC_getval    		CODE           	2728	0000	48

ADC.c estimated size: 74

