Microchip MPLAB XC8 Compiler V2.40

Linker command line:

-W-3 \
  --edf=C:\Program Files\Microchip\xc8\v2.40\pic\dat\20220703182018_en.msgs \
  -cn \
  -h+dist/default/production\final-project-antonin-roche-sarkis-paul-shadarevian.X.production.sym \
  --cmf=dist/default/production\final-project-antonin-roche-sarkis-paul-shadarevian.X.production.cmf \
  -z -Q18F67K40 -oC:\Users\sps220\AppData\Local\Temp\xcAs6vg.4 \
  --defsym=__MPLAB_BUILD=1 --fixupoverflow=error \
  -Mdist/default/production/final-project-antonin-roche-sarkis-paul-shadarevian.X.production.map \
  --md=C:\Users\sps220\AppData\Local\Temp\xcAs6vg.dat -E1 -ver=XC8 Compiler \
  --acfsm=1493 -ACODE=00h-01FFFFh -ACONST=00h-01FFFFh \
  -ASMALLCONST=0E00h-0EFFhx498 -AMEDIUMCONST=0E00h-0FFFFh,010E00h-01FFFFh \
  -ACOMRAM=01h-05Fh -AABS1=00h-0DE9h -ABIGRAM=01h-0DE9h \
  -ARAM=060h-0FFh,0100h-01FFhx12,0D00h-0DE9h -ABANK0=060h-0FFh \
  -ABANK1=0100h-01FFh -ABANK2=0200h-02FFh -ABANK3=0300h-03FFh \
  -ABANK4=0400h-04FFh -ABANK5=0500h-05FFh -ABANK6=0600h-06FFh \
  -ABANK7=0700h-07FFh -ABANK8=0800h-08FFh -ABANK9=0900h-09FFh \
  -ABANK10=0A00h-0AFFh -ABANK11=0B00h-0BFFh -ABANK12=0C00h-0CFFh \
  -ABANK13=0D00h-0DE9h \
  -ASFR=0DEFh-0DFFh,0E00h-0EFFh,0F00h-0F5Fh,0F60h-0FFFh \
  -ABIGSFR=0DEFh-0FFFh -ACONFIG=0300000h-030000Bh -AIDLOC=0200000h-020000Fh \
  -AEEDATA=0310000h-03103FFh -peeprom_data=EEDATA \
  -preset_vec=00h,intcode=08h,intcodelo,powerup,init -pramtop=0E00h \
  -psmallconst=SMALLCONST -pmediumconst=MEDIUMCONST -pconst=CONST \
  -AFARRAM=00h-00h \
  -prdata=COMRAM,nvrram=COMRAM,nvbit=COMRAM,rbss=COMRAM,rbit=COMRAM \
  -pfarbss=FARRAM,fardata=FARRAM,nvFARRAM=FARRAM \
  -pintsave_regs=BIGRAM,bigbss=BIGRAM,bigdata=BIGRAM -pbss=RAM \
  -pidata=CODE,irdata=CODE,ibigdata=CODE,ifardata=CODE -prparam=COMRAM \
  C:\Users\sps220\AppData\Local\Temp\xcAs6vg.o \
  dist/default/production\final-project-antonin-roche-sarkis-paul-shadarevian.X.production.o 

Object code version is 3.11

Machine type is 18F67K40



                Name                               Link     Load   Length Selector   Space Scale
C:\Users\sps220\AppData\Local\Temp\xcAs6vg.o
                idloc                            200000   200000       10        0       5
                config                           300000   300000        C        0       4
                init                                 28       28        4        4       0
                reset_vec                             0        0        4        0       0
dist/default/production\final-project-antonin-roche-sarkis-paul-shadarevian.X.production.o
                intcode                               8        8       20        4       0
                idloc                            200000   200000       10        0       5
                config                           300000   300000        C        0       4
                temp                                 50       50        1        1       1
                text26                              F82      F82        C        4       0
                text25                              F64      F64       12        4       0
                text24                              E6A      E6A       2A        4       0
                text23                              EBC      EBC       28        4       0
                text22                              FA2      FA2        A        4       0
                text21                              F98      F98        A        4       0
                text20                              F76      F76        C        4       0
                text19                              F0A      F0A       20        4       0
                text18                              E36      E36       34        4       0
                text17                              D6C      D6C       74        4       0
                text16                              EE4      EE4       26        4       0
                text15                              2FA      2FA      16C        4       0
                text14                              AB4      AB4       D4        4       0
                text13                              CDC      CDC       90        4       0
                text12                              C4A      C4A       92        4       0
                text11                              8BE      8BE      10A        4       0
                text10                              588      588      122        4       0
                text9                               466      466      122        4       0
                text8                               7B4      7B4      10A        4       0
                text7                               6AA      6AA      10A        4       0
                text6                               B88      B88       C2        4       0
                text5                               DE0      DE0       56        4       0
                text4                               9C8      9C8       EC        4       0
                text3                               F2A      F2A       1E        4       0
                text2                               E94      E94       28        4       0
                text1                               F8E      F8E        A        4       0
                text0                                2C       2C      2CE        4       0
                cstackCOMRAM                          1        1       49        1       1
                cstackBANK1                         100      100       DA      100       1
                bssBANK1                            1DA      1DA        2      100       1
                bssCOMRAM                            4A       4A        6        1       1
                cinit                               F48      F48       1C        4       0

TOTAL           Name                               Link     Load   Length     Space
        CLASS   CODE           
                intcode                               8        8       20         0
                init                                 28       28        4         0
                reset_vec                             0        0        4         0
                text26                              F82      F82        C         0
                text25                              F64      F64       12         0
                text24                              E6A      E6A       2A         0
                text23                              EBC      EBC       28         0
                text22                              FA2      FA2        A         0
                text21                              F98      F98        A         0
                text20                              F76      F76        C         0
                text19                              F0A      F0A       20         0
                text18                              E36      E36       34         0
                text17                              D6C      D6C       74         0
                text16                              EE4      EE4       26         0
                text15                              2FA      2FA      16C         0
                text14                              AB4      AB4       D4         0
                text13                              CDC      CDC       90         0
                text12                              C4A      C4A       92         0
                text11                              8BE      8BE      10A         0
                text10                              588      588      122         0
                text9                               466      466      122         0
                text8                               7B4      7B4      10A         0
                text7                               6AA      6AA      10A         0
                text6                               B88      B88       C2         0
                text5                               DE0      DE0       56         0
                text4                               9C8      9C8       EC         0
                text3                               F2A      F2A       1E         0
                text2                               E94      E94       28         0
                text1                               F8E      F8E        A         0
                text0                                2C       2C      2CE         0
                cinit                               F48      F48       1C         0

        CLASS   CONST          

        CLASS   SMALLCONST     

        CLASS   MEDIUMCONST    

        CLASS   COMRAM         
                temp                                 50       50        1         1
                cstackCOMRAM                          1        1       49         1
                bssCOMRAM                            4A       4A        6         1

        CLASS   ABS1           

        CLASS   BIGRAM         

        CLASS   RAM            

        CLASS   BANK0          

        CLASS   BANK1          
                cstackBANK1                         100      100       DA         1
                bssBANK1                            1DA      1DA        2         1

        CLASS   BANK2          

        CLASS   BANK3          

        CLASS   BANK4          

        CLASS   BANK5          

        CLASS   BANK6          

        CLASS   BANK7          

        CLASS   BANK8          

        CLASS   BANK9          

        CLASS   BANK10         

        CLASS   BANK11         

        CLASS   BANK12         

        CLASS   BANK13         

        CLASS   SFR            

        CLASS   BIGSFR         

        CLASS   CONFIG         
                config                           300000   300000        C         4

        CLASS   IDLOC          
                idloc                            200000   200000       10         5

        CLASS   EEDATA         

        CLASS   FARRAM         

        CLASS   HEAP           

        CLASS   STACK          



SEGMENTS        Name                           Load    Length   Top    Selector   Space  Class

                reset_vec                      000000  000004  000004         0       0  CODE    
                cstackCOMRAM                   000001  000050  000051         1       1  COMRAM  
                intcode                        000008  000FA4  000FAC         4       0  CODE    
                cstackBANK1                    000100  0000DC  0001DC       100       1  BANK1   


UNUSED ADDRESS RANGES

        Name                Unused          Largest block    Delta
        BANK0            000060-0000FF               A0
        BANK1            0001DC-0001FF               24
        BANK10           000A00-000AFF              100
        BANK11           000B00-000BFF              100
        BANK12           000C00-000CFF              100
        BANK13           000D00-000DE9               EA
        BANK2            000200-0002FF              100
        BANK3            000300-0003FF              100
        BANK4            000400-0004FF              100
        BANK5            000500-0005FF              100
        BANK6            000600-0006FF              100
        BANK7            000700-0007FF              100
        BANK8            000800-0008FF              100
        BANK9            000900-0009FF              100
        BIGRAM           000051-0000FF               AF
                         0001DC-000DE9              C0E
        BIGSFR           000DEF-000FFF              211
        CODE             000004-000007                4
                         000FAC-01FFFF            1F054
        COMRAM           000051-00005F                F
        CONST            000004-000007                4
                         000FAC-01FFFF            1F054
        EEDATA           310000-3103FF              400
        MEDIUMCONST      000FAC-00FFFF             F054
                         010E00-01FFFF             F200
        RAM              000060-0000FF               A0
                         0001DC-000DE9              100
        SFR              000DEF-000FFF              100
        SMALLCONST       000FAC-01FFFF              100

                                  Symbol Table

?___lwdiv                    cstackCOMRAM 000007
?___wmul                     cstackCOMRAM 000001
?_savetime                   cstackCOMRAM 000001
I2C_2_Master_Write@data_byte cstackCOMRAM 000002
_ANSELDbits                  (abs)        000EA7
_CCP1CONbits                 (abs)        000FAB
_CCP2CONbits                 (abs)        000FA7
_CCP3CONbits                 (abs)        000F26
_CCP4CONbits                 (abs)        000F22
_CCPR1H                      (abs)        000FAA
_CCPR2H                      (abs)        000FA6
_CCPR3H                      (abs)        000F25
_CCPR4H                      (abs)        000F21
_CCPTMRS0bits                (abs)        000FAD
_HighISR                     intcode      000008
_I2C_2_Master_Idle           text23       000EBC
_I2C_2_Master_Init           text24       000E6A
_I2C_2_Master_Start          text22       000FA2
_I2C_2_Master_Stop           text21       000F98
_I2C_2_Master_Write          text20       000F76
_INTCONbits                  (abs)        000FF2
_Interrupts_init             text26       000F82
_LATCbits                    (abs)        000F7B
_LATDbits                    (abs)        000F7C
_LATEbits                    (abs)        000F7D
_LATGbits                    (abs)        000F7F
_LATHbits                    (abs)        000F80
_PIE0bits                    (abs)        000E29
_PIR0bits                    (abs)        000E33
_RC7PPS                      (abs)        000E69
_RD5PPS                      (abs)        000E6F
_RD6PPS                      (abs)        000E70
_RE2PPS                      (abs)        000E74
_RE4PPS                      (abs)        000E76
_RG6PPS                      (abs)        000E88
_SSP2ADD                     (abs)        000ED6
_SSP2BUF                     (abs)        000ED5
_SSP2CLKPPS                  (abs)        000E1C
_SSP2CON1bits                (abs)        000ED9
_SSP2CON2                    (abs)        000EDA
_SSP2CON2bits                (abs)        000EDA
_SSP2DATPPS                  (abs)        000E1D
_SSP2STAT                    (abs)        000ED8
_T0CON0bits                  (abs)        000FD5
_T0CON1bits                  (abs)        000FD6
_T2CLKCONbits                (abs)        000FBF
_T2CONbits                   (abs)        000FBD
_T2HLTbits                   (abs)        000FBE
_T2PR                        (abs)        000FBC
_TMR0H                       (abs)        000FD4
_TMR0L                       (abs)        000FD3
_TRISCbits                   (abs)        000F83
_TRISDbits                   (abs)        000F84
_TRISEbits                   (abs)        000F85
_TRISGbits                   (abs)        000F87
_TRISHbits                   (abs)        000F88
_Timer0_init                 text25       000F64
__HRAM                       (abs)        000000
__Habs1                      abs1         000000
__Hbank0                     bank0        000000
__Hbank1                     bank1        000000
__Hbank10                    bank10       000000
__Hbank11                    bank11       000000
__Hbank12                    bank12       000000
__Hbank13                    bank13       000000
__Hbank2                     bank2        000000
__Hbank3                     bank3        000000
__Hbank4                     bank4        000000
__Hbank5                     bank5        000000
__Hbank6                     bank6        000000
__Hbank7                     bank7        000000
__Hbank8                     bank8        000000
__Hbank9                     bank9        000000
__Hbigbss                    bigbss       000000
__Hbigdata                   bigdata      000000
__Hbigram                    bigram       000000
__Hbigsfr                    bigsfr       000000
__Hbss                       bss          000000
__HbssBANK1                  bssBANK1     000000
__HbssCOMRAM                 bssCOMRAM    000000
__Hcinit                     cinit        000000
__Hclrtext                   clrtext      000000
__Hcomram                    comram       000000
__Hconfig                    config       30000C
__Hconst                     const        000000
__HcstackBANK1               cstackBANK1  000000
__HcstackCOMRAM              cstackCOMRAM 000000
__Hdata                      data         000000
__Heeprom_data               eeprom_data  000000
__Hfarbss                    farbss       000000
__Hfardata                   fardata      000000
__Hheap                      heap         000000
__Hibigdata                  ibigdata     000000
__Hidata                     idata        000000
__Hidloc                     idloc        200010
__Hifardata                  ifardata     000000
__Hinit                      init         00002C
__Hintcode                   intcode      000028
__Hintcode_body              intcode_body 000000
__Hintcodelo                 intcodelo    000028
__Hintentry                  intentry     000000
__Hintret                    intret       000000
__Hintsave_regs              intsave_regs 000000
__Hirdata                    irdata       000000
__Hmediumconst               mediumconst  000000
__HnvFARRAM                  nvFARRAM     000000
__Hnvbit                     nvbit        000000
__Hnvrram                    nvrram       000000
__Hparam                     rparam       000000
__Hpowerup                   powerup      000028
__Hram                       ram          000000
__Hramtop                    ramtop       000E00
__Hrbit                      rbit         000000
__Hrbss                      rbss         000000
__Hrdata                     rdata        000000
__Hreset_vec                 reset_vec    000004
__Hrparam                    rparam       000000
__Hsfr                       sfr          000000
__Hsmallconst                smallconst   000000
__Hspace_0                   (abs)        000FAC
__Hspace_1                   (abs)        0001DC
__Hspace_2                   (abs)        000000
__Hspace_4                   (abs)        60000C
__Hstack                     stack        000000
__Hstruct                    struct       000000
__Htemp                      temp         000051
__Htext                      text         000000
__Htext0                     text0        000000
__Htext1                     text1        000000
__Htext10                    text10       000000
__Htext11                    text11       000000
__Htext12                    text12       000000
__Htext13                    text13       000000
__Htext14                    text14       000000
__Htext15                    text15       000000
__Htext16                    text16       000000
__Htext17                    text17       000000
__Htext18                    text18       000000
__Htext19                    text19       000000
__Htext2                     text2        000000
__Htext20                    text20       000000
__Htext21                    text21       000000
__Htext22                    text22       000000
__Htext23                    text23       000000
__Htext24                    text24       000000
__Htext25                    text25       000000
__Htext26                    text26       000000
__Htext3                     text3        000000
__Htext4                     text4        000000
__Htext5                     text5        000000
__Htext6                     text6        000000
__Htext7                     text7        000000
__Htext8                     text8        000000
__Htext9                     text9        000000
__LRAM                       (abs)        000001
__Labs1                      abs1         000000
__Lbank0                     bank0        000000
__Lbank1                     bank1        000000
__Lbank10                    bank10       000000
__Lbank11                    bank11       000000
__Lbank12                    bank12       000000
__Lbank13                    bank13       000000
__Lbank2                     bank2        000000
__Lbank3                     bank3        000000
__Lbank4                     bank4        000000
__Lbank5                     bank5        000000
__Lbank6                     bank6        000000
__Lbank7                     bank7        000000
__Lbank8                     bank8        000000
__Lbank9                     bank9        000000
__Lbigbss                    bigbss       000000
__Lbigdata                   bigdata      000000
__Lbigram                    bigram       000000
__Lbigsfr                    bigsfr       000000
__Lbss                       bss          000000
__LbssBANK1                  bssBANK1     000000
__LbssCOMRAM                 bssCOMRAM    000000
__Lcinit                     cinit        000000
__Lclrtext                   clrtext      000000
__Lcomram                    comram       000000
__Lconfig                    config       000000
__Lconst                     const        000000
__LcstackBANK1               cstackBANK1  000000
__LcstackCOMRAM              cstackCOMRAM 000000
__Ldata                      data         000000
__Leeprom_data               eeprom_data  000000
__Lfarbss                    farbss       000000
__Lfardata                   fardata      000000
__Lheap                      heap         000000
__Libigdata                  ibigdata     000000
__Lidata                     idata        000000
__Lidloc                     idloc        000000
__Lifardata                  ifardata     000000
__Linit                      init         000028
__Lintcode                   intcode      000008
__Lintcode_body              intcode_body 000000
__Lintcodelo                 intcodelo    000028
__Lintentry                  intentry     000000
__Lintret                    intret       000000
__Lintsave_regs              intsave_regs 000000
__Lirdata                    irdata       000000
__Lmediumconst               mediumconst  000000
__LnvFARRAM                  nvFARRAM     000000
__Lnvbit                     nvbit        000000
__Lnvrram                    nvrram       000000
__Lparam                     rparam       000000
__Lpowerup                   powerup      000028
__Lram                       ram          000000
__Lramtop                    ramtop       000E00
__Lrbit                      rbit         000000
__Lrbss                      rbss         000000
__Lrdata                     rdata        000000
__Lreset_vec                 reset_vec    000000
__Lrparam                    rparam       000000
__Lsfr                       sfr          000000
__Lsmallconst                smallconst   000000
__Lspace_0                   (abs)        000000
__Lspace_1                   (abs)        000000
__Lspace_2                   (abs)        000000
__Lspace_4                   (abs)        000000
__Lstack                     stack        000000
__Lstruct                    struct       000000
__Ltemp                      temp         000050
__Ltext                      text         000000
__Ltext0                     text0        000000
__Ltext1                     text1        000000
__Ltext10                    text10       000000
__Ltext11                    text11       000000
__Ltext12                    text12       000000
__Ltext13                    text13       000000
__Ltext14                    text14       000000
__Ltext15                    text15       000000
__Ltext16                    text16       000000
__Ltext17                    text17       000000
__Ltext18                    text18       000000
__Ltext19                    text19       000000
__Ltext2                     text2        000000
__Ltext20                    text20       000000
__Ltext21                    text21       000000
__Ltext22                    text22       000000
__Ltext23                    text23       000000
__Ltext24                    text24       000000
__Ltext25                    text25       000000
__Ltext26                    text26       000000
__Ltext3                     text3        000000
__Ltext4                     text4        000000
__Ltext5                     text5        000000
__Ltext6                     text6        000000
__Ltext7                     text7        000000
__Ltext8                     text8        000000
__Ltext9                     text9        000000
__S0                         (abs)        000FAC
__S1                         (abs)        0001DC
__S4                         (abs)        000000
__S5                         (abs)        000000
___heap_hi                   (abs)        000000
___heap_lo                   (abs)        000000
___inthi_sp                  stack        000000
___intlo_sp                  stack        000000
___lwdiv                     text17       000D6C
___lwdiv@counter             cstackCOMRAM 00000D
___lwdiv@dividend            cstackCOMRAM 000007
___lwdiv@divisor             cstackCOMRAM 000009
___lwdiv@quotient            cstackCOMRAM 00000B
___param_bank                (abs)        000000
___rparam_used               (abs)        000001
___sp                        stack        000000
___wmul                      text16       000EE4
___wmul@multiplicand         cstackCOMRAM 000003
___wmul@multiplier           cstackCOMRAM 000001
___wmul@product              cstackCOMRAM 000005
__accesstop                  (abs)        000060
__activetblptr               (abs)        000000
__end_of_HighISR             intcode      000028
__end_of_I2C_2_Master_Idle   text23       000EE4
__end_of_I2C_2_Master_Init   text24       000E94
__end_of_I2C_2_Master_Start  text22       000FAC
__end_of_I2C_2_Master_Stop   text21       000FA2
__end_of_I2C_2_Master_Write  text20       000F82
__end_of_Interrupts_init     text26       000F8E
__end_of_Timer0_init         text25       000F76
__end_of___lwdiv             text17       000DE0
__end_of___wmul              text16       000F0A
__end_of__initialization     cinit        000F5A
__end_of_color_click_init    text18       000E6A
__end_of_color_writetoaddr   text19       000F2A
__end_of_fullSpeedAhead      text14       000B88
__end_of_initDCmotorsPWM     text13       000D6C
__end_of_main                text0        0002FA
__end_of_returnhome          text5        000E36
__end_of_returnstep          text6        000C4A
__end_of_reversesquare       text4        000AB4
__end_of_savepath            text3        000F48
__end_of_savetime            text2        000EBC
__end_of_setMotorPWM         text15       000466
__end_of_starttimer0         text1        000F98
__end_of_stop                text12       000CDC
__end_of_turn180             text11       0009C8
__end_of_turnLeft135         text10       0006AA
__end_of_turnLeft90          text9        000588
__end_of_turnRight135        text8        0008BE
__end_of_turnRight90         text7        0007B4
__initialization             cinit        000F48
__mediumconst                mediumconst  000000
__pbssBANK1                  bssBANK1     0001DA
__pbssCOMRAM                 bssCOMRAM    00004A
__pcinit                     cinit        000F48
__pcstackBANK1               cstackBANK1  000100
__pcstackCOMRAM              cstackCOMRAM 000001
__pintcode                   intcode      000008
__ptext0                     text0        00002C
__ptext1                     text1        000F8E
__ptext10                    text10       000588
__ptext11                    text11       0008BE
__ptext12                    text12       000C4A
__ptext13                    text13       000CDC
__ptext14                    text14       000AB4
__ptext15                    text15       0002FA
__ptext16                    text16       000EE4
__ptext17                    text17       000D6C
__ptext18                    text18       000E36
__ptext19                    text19       000F0A
__ptext2                     text2        000E94
__ptext20                    text20       000F76
__ptext21                    text21       000F98
__ptext22                    text22       000FA2
__ptext23                    text23       000EBC
__ptext24                    text24       000E6A
__ptext25                    text25       000F64
__ptext26                    text26       000F82
__ptext3                     text3        000F2A
__ptext4                     text4        0009C8
__ptext5                     text5        000DE0
__ptext6                     text6        000B88
__ptext7                     text7        0006AA
__ptext8                     text8        0007B4
__ptext9                     text9        000466
__ramtop                     ramtop       000E00
__smallconst                 smallconst   000000
_color_click_init            text18       000E36
_color_writetoaddr           text19       000F0A
_fullSpeedAhead              text14       000AB4
_initDCmotorsPWM             text13       000CDC
_main                        text0        00002C
_off_period                  bssCOMRAM    00004A
_on_period                   bssCOMRAM    00004C
_pathposition                bssCOMRAM    00004E
_returnhome                  text5        000DE0
_returnstep                  text6        000B88
_reversesquare               text4        0009C8
_savepath                    text3        000F2A
_savetime                    text2        000E94
_setMotorPWM                 text15       0002FA
_starttimer0                 text1        000F8E
_stop                        text12       000C4A
_timeposition                bssCOMRAM    00004F
_timercount                  bssBANK1     0001DA
_turn180                     text11       0008BE
_turnLeft135                 text10       000588
_turnLeft90                  text9        000466
_turnRight135                text8        0007B4
_turnRight90                 text7        0006AA
btemp                        temp         000050
color_writetoaddr@address    cstackCOMRAM 000004
color_writetoaddr@value      cstackCOMRAM 000003
end_of_initialization        cinit        000F5A
fullSpeedAhead@dir           cstackCOMRAM 000018
fullSpeedAhead@mL            cstackCOMRAM 000014
fullSpeedAhead@mR            cstackCOMRAM 000016
fullSpeedAhead@setpower      cstackCOMRAM 00001B
initDCmotorsPWM@PWMperiod    cstackCOMRAM 000001
int$flags                    temp         000050
intlevel0                    text         000000
intlevel1                    text         000000
intlevel2                    text         000000
intlevel3                    text         000000
isa$std                      (abs)        000001
isa$xinst                    (abs)        000000
main@motorL                  cstackBANK1  0001C8
main@motorR                  cstackBANK1  0001D1
main@path                    cstackBANK1  000164
main@timearray               cstackBANK1  000100
returnhome@motorL            cstackCOMRAM 000036
returnhome@motorR            cstackCOMRAM 00003F
returnhome@path              cstackCOMRAM 000034
returnstep@instruction       cstackCOMRAM 000033
returnstep@motorL            cstackCOMRAM 000021
returnstep@motorR            cstackCOMRAM 00002A
reversesquare@mL             cstackCOMRAM 000014
reversesquare@mR             cstackCOMRAM 000016
reversesquare@setpower       cstackCOMRAM 00001A
savepath@instruction         cstackCOMRAM 000003
savepath@path                cstackCOMRAM 000001
savetime@timearray           cstackCOMRAM 000001
savetime@timercount          cstackCOMRAM 000003
setMotorPWM@m                cstackCOMRAM 00000E
setMotorPWM@negDuty          cstackCOMRAM 000013
setMotorPWM@posDuty          cstackCOMRAM 000012
stackhi                      (abs)        000000
stacklo                      (abs)        000000
start                        init         000028
start_initialization         cinit        000F48
stop@mL                      cstackCOMRAM 000014
stop@mR                      cstackCOMRAM 000016
ttemp5                       temp         000051
ttemp6                       temp         000054
ttemp7                       temp         000058
turn180@mL                   cstackCOMRAM 000019
turn180@mR                   cstackCOMRAM 00001B
turn180@setpower             cstackCOMRAM 00001F
turnLeft135@mL               cstackCOMRAM 000019
turnLeft135@mR               cstackCOMRAM 00001B
turnLeft135@setpower         cstackCOMRAM 00001F
turnLeft90@mL                cstackCOMRAM 000019
turnLeft90@mR                cstackCOMRAM 00001B
turnLeft90@setpower          cstackCOMRAM 00001F
turnRight135@mL              cstackCOMRAM 000019
turnRight135@mR              cstackCOMRAM 00001B
turnRight135@setpower        cstackCOMRAM 00001F
turnRight90@mL               cstackCOMRAM 000019
turnRight90@mR               cstackCOMRAM 00001B
turnRight90@setpower         cstackCOMRAM 00001F
wtemp8                       temp         000051


MODULE INFORMATION

Module		Function		Class		Link	Load	Size
C:\Program Files\Microchip\xc8\v2.40\pic\sources\c99\common\lwdiv.c
		___lwdiv       		CODE           	0D6C	0000	116

C:\Program Files\Microchip\xc8\v2.40\pic\sources\c99\common\lwdiv.c estimated size: 116

color.c
		_color_writetoaddr		CODE           	0F0A	0000	32
		_color_click_init		CODE           	0E36	0000	52

color.c estimated size: 84

C:\Program Files\Microchip\xc8\v2.40\pic\sources\c99\common\Umul16.c
		___wmul        		CODE           	0EE4	0000	38

C:\Program Files\Microchip\xc8\v2.40\pic\sources\c99\common\Umul16.c estimated size: 38

mainfinal.c
		_main          		CODE           	002C	0000	718
		_HighISR       		CODE           	0008	0000	32

mainfinal.c estimated size: 750

dc_motor.c
		_reversesquare 		CODE           	09C8	0000	236
		_returnstep    		CODE           	0B88	0000	194
		_fullSpeedAhead		CODE           	0AB4	0000	212
		_turnLeft90    		CODE           	0466	0000	290
		_turnLeft135   		CODE           	0588	0000	290
		_stop          		CODE           	0C4A	0000	146
		_savetime      		CODE           	0E94	0000	40
		_initDCmotorsPWM		CODE           	0CDC	0000	144
		_turnRight90   		CODE           	06AA	0000	266
		_turnRight135  		CODE           	07B4	0000	266
		_setMotorPWM   		CODE           	02FA	0000	364
		_returnhome    		CODE           	0DE0	0000	86
		_savepath      		CODE           	0F2A	0000	30
		_turn180       		CODE           	08BE	0000	266

dc_motor.c estimated size: 2830

i2c.c
		_I2C_2_Master_Start		CODE           	0FA2	0000	10
		_I2C_2_Master_Idle		CODE           	0EBC	0000	40
		_I2C_2_Master_Init		CODE           	0E6A	0000	42
		_I2C_2_Master_Stop		CODE           	0F98	0000	10
		_I2C_2_Master_Write		CODE           	0F76	0000	12

i2c.c estimated size: 114

timer0.c
		_Timer0_init   		CODE           	0F64	0000	18
		_Interrupts_init		CODE           	0F82	0000	12
		_starttimer0   		CODE           	0F8E	0000	10

timer0.c estimated size: 40

shared
		__initialization		CODE           	0F48	0000	18

shared estimated size: 18

