Microchip MPLAB XC8 Compiler V2.40

Linker command line:

-W-3 \
  --edf=C:\Program Files\Microchip\xc8\v2.40\pic\dat\20220703182018_en.msgs \
  -cn \
  -h+dist/default/production\final-project-antonin-roche-sarkis-paul-shadarevian.X.production.sym \
  --cmf=dist/default/production\final-project-antonin-roche-sarkis-paul-shadarevian.X.production.cmf \
  -z -Q18F67K40 -oC:\Users\sps220\AppData\Local\Temp\xcAsbg4.4 \
  --defsym=__MPLAB_BUILD=1 --fixupoverflow=error \
  -Mdist/default/production/final-project-antonin-roche-sarkis-paul-shadarevian.X.production.map \
  --md=C:\Users\sps220\AppData\Local\Temp\xcAsbg4.dat -E1 -ver=XC8 Compiler \
  --acfsm=1493 -ACODE=00h-01FFFFh -ACONST=00h-01FFFFh \
  -ASMALLCONST=0E00h-0EFFhx498 -AMEDIUMCONST=0E00h-0FFFFh,010E00h-01FFFFh \
  -ACOMRAM=01h-05Fh -AABS1=00h-0DE9h -ABIGRAM=01h-0DE9h \
  -ARAM=060h-0FFh,0100h-01FFhx12,0D00h-0DE9h -ABANK0=060h-0FFh \
  -ABANK1=0100h-01FFh -ABANK2=0200h-02FFh -ABANK3=0300h-03FFh \
  -ABANK4=0400h-04FFh -ABANK5=0500h-05FFh -ABANK6=0600h-06FFh \
  -ABANK7=0700h-07FFh -ABANK8=0800h-08FFh -ABANK9=0900h-09FFh \
  -ABANK10=0A00h-0AFFh -ABANK11=0B00h-0BFFh -ABANK12=0C00h-0CFFh \
  -ABANK13=0D00h-0DE9h \
  -ASFR=0DEFh-0DFFh,0E00h-0EFFh,0F00h-0F5Fh,0F60h-0FFFh \
  -ABIGSFR=0DEFh-0FFFh -ACONFIG=0300000h-030000Bh -AIDLOC=0200000h-020000Fh \
  -AEEDATA=0310000h-03103FFh -peeprom_data=EEDATA \
  -preset_vec=00h,intcode=08h,intcodelo,powerup,init -pramtop=0E00h \
  -psmallconst=SMALLCONST -pmediumconst=MEDIUMCONST -pconst=CONST \
  -AFARRAM=00h-00h \
  -prdata=COMRAM,nvrram=COMRAM,nvbit=COMRAM,rbss=COMRAM,rbit=COMRAM \
  -pfarbss=FARRAM,fardata=FARRAM,nvFARRAM=FARRAM \
  -pintsave_regs=BIGRAM,bigbss=BIGRAM,bigdata=BIGRAM -pbss=RAM \
  -pidata=CODE,irdata=CODE,ibigdata=CODE,ifardata=CODE -prparam=COMRAM \
  C:\Users\sps220\AppData\Local\Temp\xcAsbg4.o \
  dist/default/production\final-project-antonin-roche-sarkis-paul-shadarevian.X.production.o 

Object code version is 3.11

Machine type is 18F67K40



                Name                               Link     Load   Length Selector   Space Scale
C:\Users\sps220\AppData\Local\Temp\xcAsbg4.o
                idloc                            200000   200000       10        0       5
                config                           300000   300000        C        0       4
                init                                 28       28        4        4       0
                reset_vec                             0        0        4        0       0
dist/default/production\final-project-antonin-roche-sarkis-paul-shadarevian.X.production.o
                intcode                               8        8       20        4       0
                idloc                            200000   200000       10        0       5
                config                           300000   300000        C        0       4
                temp                                 27       27        1        1       1
                text23                              D38      D38        C        4       0
                text22                              D1A      D1A       12        4       0
                text21                              C20      C20       2A        4       0
                text20                              C72      C72       28        4       0
                text19                              D4E      D4E        A        4       0
                text18                              D44      D44        A        4       0
                text17                              D2C      D2C        C        4       0
                text16                              CC0      CC0       20        4       0
                text15                              BEC      BEC       34        4       0
                text14                              B06      B06       74        4       0
                text13                              C9A      C9A       26        4       0
                text12                              32C      32C      16C        4       0
                text11                              9C2      9C2       B4        4       0
                text10                              A76      A76       90        4       0
                text9                               CE0      CE0       1E        4       0
                text8                               C4A      C4A       28        4       0
                text7                               B7A      B7A       72        4       0
                text6                               902      902       C0        4       0
                text5                               672      672       EA        4       0
                text4                               586      586       EC        4       0
                text3                               498      498       EE        4       0
                text2                               75C      75C       D4        4       0
                text1                               830      830       D2        4       0
                text0                                2C       2C      300        4       0
                cstackCOMRAM                          1        1       20        1       1
                cstackBANK1                         100      100       DC      100       1
                bssBANK1                            1DC      1DC        2      100       1
                bssCOMRAM                            21       21        6        1       1
                cinit                               CFE      CFE       1C        4       0

TOTAL           Name                               Link     Load   Length     Space
        CLASS   CODE           
                intcode                               8        8       20         0
                init                                 28       28        4         0
                reset_vec                             0        0        4         0
                text23                              D38      D38        C         0
                text22                              D1A      D1A       12         0
                text21                              C20      C20       2A         0
                text20                              C72      C72       28         0
                text19                              D4E      D4E        A         0
                text18                              D44      D44        A         0
                text17                              D2C      D2C        C         0
                text16                              CC0      CC0       20         0
                text15                              BEC      BEC       34         0
                text14                              B06      B06       74         0
                text13                              C9A      C9A       26         0
                text12                              32C      32C      16C         0
                text11                              9C2      9C2       B4         0
                text10                              A76      A76       90         0
                text9                               CE0      CE0       1E         0
                text8                               C4A      C4A       28         0
                text7                               B7A      B7A       72         0
                text6                               902      902       C0         0
                text5                               672      672       EA         0
                text4                               586      586       EC         0
                text3                               498      498       EE         0
                text2                               75C      75C       D4         0
                text1                               830      830       D2         0
                text0                                2C       2C      300         0
                cinit                               CFE      CFE       1C         0

        CLASS   CONST          

        CLASS   SMALLCONST     

        CLASS   MEDIUMCONST    

        CLASS   COMRAM         
                temp                                 27       27        1         1
                cstackCOMRAM                          1        1       20         1
                bssCOMRAM                            21       21        6         1

        CLASS   ABS1           

        CLASS   BIGRAM         

        CLASS   RAM            

        CLASS   BANK0          

        CLASS   BANK1          
                cstackBANK1                         100      100       DC         1
                bssBANK1                            1DC      1DC        2         1

        CLASS   BANK2          

        CLASS   BANK3          

        CLASS   BANK4          

        CLASS   BANK5          

        CLASS   BANK6          

        CLASS   BANK7          

        CLASS   BANK8          

        CLASS   BANK9          

        CLASS   BANK10         

        CLASS   BANK11         

        CLASS   BANK12         

        CLASS   BANK13         

        CLASS   SFR            

        CLASS   BIGSFR         

        CLASS   CONFIG         
                config                           300000   300000        C         4

        CLASS   IDLOC          
                idloc                            200000   200000       10         5

        CLASS   EEDATA         

        CLASS   FARRAM         

        CLASS   HEAP           

        CLASS   STACK          



SEGMENTS        Name                           Load    Length   Top    Selector   Space  Class

                reset_vec                      000000  000004  000004         0       0  CODE    
                cstackCOMRAM                   000001  000027  000028         1       1  COMRAM  
                intcode                        000008  000D50  000D58         4       0  CODE    
                cstackBANK1                    000100  0000DE  0001DE       100       1  BANK1   


UNUSED ADDRESS RANGES

        Name                Unused          Largest block    Delta
        BANK0            000060-0000FF               A0
        BANK1            0001DE-0001FF               22
        BANK10           000A00-000AFF              100
        BANK11           000B00-000BFF              100
        BANK12           000C00-000CFF              100
        BANK13           000D00-000DE9               EA
        BANK2            000200-0002FF              100
        BANK3            000300-0003FF              100
        BANK4            000400-0004FF              100
        BANK5            000500-0005FF              100
        BANK6            000600-0006FF              100
        BANK7            000700-0007FF              100
        BANK8            000800-0008FF              100
        BANK9            000900-0009FF              100
        BIGRAM           000028-0000FF               D8
                         0001DE-000DE9              C0C
        BIGSFR           000DEF-000FFF              211
        CODE             000004-000007                4
                         000D58-01FFFF            1F2A8
        COMRAM           000028-00005F               38
        CONST            000004-000007                4
                         000D58-01FFFF            1F2A8
        EEDATA           310000-3103FF              400
        MEDIUMCONST      000E00-00FFFF             F200
                         010E00-01FFFF             F200
        RAM              000060-0000FF               A0
                         0001DE-000DE9              100
        SFR              000DEF-000FFF              100
        SMALLCONST       000E00-01FFFF              100

                                  Symbol Table

?___lwdiv                    cstackCOMRAM 000007
?___wmul                     cstackCOMRAM 000001
?_savetime                   cstackCOMRAM 000001
I2C_2_Master_Write@data_byte cstackCOMRAM 000002
_ANSELDbits                  (abs)        000EA7
_CCP1CONbits                 (abs)        000FAB
_CCP2CONbits                 (abs)        000FA7
_CCP3CONbits                 (abs)        000F26
_CCP4CONbits                 (abs)        000F22
_CCPR1H                      (abs)        000FAA
_CCPR2H                      (abs)        000FA6
_CCPR3H                      (abs)        000F25
_CCPR4H                      (abs)        000F21
_CCPTMRS0bits                (abs)        000FAD
_HighISR                     intcode      000008
_I2C_2_Master_Idle           text20       000C72
_I2C_2_Master_Init           text21       000C20
_I2C_2_Master_Start          text19       000D4E
_I2C_2_Master_Stop           text18       000D44
_I2C_2_Master_Write          text17       000D2C
_INTCONbits                  (abs)        000FF2
_Interrupts_init             text23       000D38
_LATCbits                    (abs)        000F7B
_LATDbits                    (abs)        000F7C
_LATEbits                    (abs)        000F7D
_LATGbits                    (abs)        000F7F
_LATHbits                    (abs)        000F80
_PIE0bits                    (abs)        000E29
_PIR0bits                    (abs)        000E33
_RC7PPS                      (abs)        000E69
_RD5PPS                      (abs)        000E6F
_RD6PPS                      (abs)        000E70
_RE2PPS                      (abs)        000E74
_RE4PPS                      (abs)        000E76
_RG6PPS                      (abs)        000E88
_SSP2ADD                     (abs)        000ED6
_SSP2BUF                     (abs)        000ED5
_SSP2CLKPPS                  (abs)        000E1C
_SSP2CON1bits                (abs)        000ED9
_SSP2CON2                    (abs)        000EDA
_SSP2CON2bits                (abs)        000EDA
_SSP2DATPPS                  (abs)        000E1D
_SSP2STAT                    (abs)        000ED8
_T0CON0bits                  (abs)        000FD5
_T0CON1bits                  (abs)        000FD6
_T2CLKCONbits                (abs)        000FBF
_T2CONbits                   (abs)        000FBD
_T2HLTbits                   (abs)        000FBE
_T2PR                        (abs)        000FBC
_TMR0H                       (abs)        000FD4
_TMR0L                       (abs)        000FD3
_TRISCbits                   (abs)        000F83
_TRISDbits                   (abs)        000F84
_TRISEbits                   (abs)        000F85
_TRISGbits                   (abs)        000F87
_TRISHbits                   (abs)        000F88
_Timer0_init                 text22       000D1A
__HRAM                       (abs)        000000
__Habs1                      abs1         000000
__Hbank0                     bank0        000000
__Hbank1                     bank1        000000
__Hbank10                    bank10       000000
__Hbank11                    bank11       000000
__Hbank12                    bank12       000000
__Hbank13                    bank13       000000
__Hbank2                     bank2        000000
__Hbank3                     bank3        000000
__Hbank4                     bank4        000000
__Hbank5                     bank5        000000
__Hbank6                     bank6        000000
__Hbank7                     bank7        000000
__Hbank8                     bank8        000000
__Hbank9                     bank9        000000
__Hbigbss                    bigbss       000000
__Hbigdata                   bigdata      000000
__Hbigram                    bigram       000000
__Hbigsfr                    bigsfr       000000
__Hbss                       bss          000000
__HbssBANK1                  bssBANK1     000000
__HbssCOMRAM                 bssCOMRAM    000000
__Hcinit                     cinit        000000
__Hclrtext                   clrtext      000000
__Hcomram                    comram       000000
__Hconfig                    config       30000C
__Hconst                     const        000000
__HcstackBANK1               cstackBANK1  000000
__HcstackCOMRAM              cstackCOMRAM 000000
__Hdata                      data         000000
__Heeprom_data               eeprom_data  000000
__Hfarbss                    farbss       000000
__Hfardata                   fardata      000000
__Hheap                      heap         000000
__Hibigdata                  ibigdata     000000
__Hidata                     idata        000000
__Hidloc                     idloc        200010
__Hifardata                  ifardata     000000
__Hinit                      init         00002C
__Hintcode                   intcode      000028
__Hintcode_body              intcode_body 000000
__Hintcodelo                 intcodelo    000028
__Hintentry                  intentry     000000
__Hintret                    intret       000000
__Hintsave_regs              intsave_regs 000000
__Hirdata                    irdata       000000
__Hmediumconst               mediumconst  000000
__HnvFARRAM                  nvFARRAM     000000
__Hnvbit                     nvbit        000000
__Hnvrram                    nvrram       000000
__Hparam                     rparam       000000
__Hpowerup                   powerup      000028
__Hram                       ram          000000
__Hramtop                    ramtop       000E00
__Hrbit                      rbit         000000
__Hrbss                      rbss         000000
__Hrdata                     rdata        000000
__Hreset_vec                 reset_vec    000004
__Hrparam                    rparam       000000
__Hsfr                       sfr          000000
__Hsmallconst                smallconst   000000
__Hspace_0                   (abs)        000E00
__Hspace_1                   (abs)        0001DE
__Hspace_2                   (abs)        000000
__Hspace_4                   (abs)        60000C
__Hstack                     stack        000000
__Hstruct                    struct       000000
__Htemp                      temp         000028
__Htext                      text         000000
__Htext0                     text0        000000
__Htext1                     text1        000000
__Htext10                    text10       000000
__Htext11                    text11       000000
__Htext12                    text12       000000
__Htext13                    text13       000000
__Htext14                    text14       000000
__Htext15                    text15       000000
__Htext16                    text16       000000
__Htext17                    text17       000000
__Htext18                    text18       000000
__Htext19                    text19       000000
__Htext2                     text2        000000
__Htext20                    text20       000000
__Htext21                    text21       000000
__Htext22                    text22       000000
__Htext23                    text23       000000
__Htext3                     text3        000000
__Htext4                     text4        000000
__Htext5                     text5        000000
__Htext6                     text6        000000
__Htext7                     text7        000000
__Htext8                     text8        000000
__Htext9                     text9        000000
__LRAM                       (abs)        000001
__Labs1                      abs1         000000
__Lbank0                     bank0        000000
__Lbank1                     bank1        000000
__Lbank10                    bank10       000000
__Lbank11                    bank11       000000
__Lbank12                    bank12       000000
__Lbank13                    bank13       000000
__Lbank2                     bank2        000000
__Lbank3                     bank3        000000
__Lbank4                     bank4        000000
__Lbank5                     bank5        000000
__Lbank6                     bank6        000000
__Lbank7                     bank7        000000
__Lbank8                     bank8        000000
__Lbank9                     bank9        000000
__Lbigbss                    bigbss       000000
__Lbigdata                   bigdata      000000
__Lbigram                    bigram       000000
__Lbigsfr                    bigsfr       000000
__Lbss                       bss          000000
__LbssBANK1                  bssBANK1     000000
__LbssCOMRAM                 bssCOMRAM    000000
__Lcinit                     cinit        000000
__Lclrtext                   clrtext      000000
__Lcomram                    comram       000000
__Lconfig                    config       000000
__Lconst                     const        000000
__LcstackBANK1               cstackBANK1  000000
__LcstackCOMRAM              cstackCOMRAM 000000
__Ldata                      data         000000
__Leeprom_data               eeprom_data  000000
__Lfarbss                    farbss       000000
__Lfardata                   fardata      000000
__Lheap                      heap         000000
__Libigdata                  ibigdata     000000
__Lidata                     idata        000000
__Lidloc                     idloc        000000
__Lifardata                  ifardata     000000
__Linit                      init         000028
__Lintcode                   intcode      000008
__Lintcode_body              intcode_body 000000
__Lintcodelo                 intcodelo    000028
__Lintentry                  intentry     000000
__Lintret                    intret       000000
__Lintsave_regs              intsave_regs 000000
__Lirdata                    irdata       000000
__Lmediumconst               mediumconst  000000
__LnvFARRAM                  nvFARRAM     000000
__Lnvbit                     nvbit        000000
__Lnvrram                    nvrram       000000
__Lparam                     rparam       000000
__Lpowerup                   powerup      000028
__Lram                       ram          000000
__Lramtop                    ramtop       000E00
__Lrbit                      rbit         000000
__Lrbss                      rbss         000000
__Lrdata                     rdata        000000
__Lreset_vec                 reset_vec    000000
__Lrparam                    rparam       000000
__Lsfr                       sfr          000000
__Lsmallconst                smallconst   000000
__Lspace_0                   (abs)        000000
__Lspace_1                   (abs)        000000
__Lspace_2                   (abs)        000000
__Lspace_4                   (abs)        000000
__Lstack                     stack        000000
__Lstruct                    struct       000000
__Ltemp                      temp         000027
__Ltext                      text         000000
__Ltext0                     text0        000000
__Ltext1                     text1        000000
__Ltext10                    text10       000000
__Ltext11                    text11       000000
__Ltext12                    text12       000000
__Ltext13                    text13       000000
__Ltext14                    text14       000000
__Ltext15                    text15       000000
__Ltext16                    text16       000000
__Ltext17                    text17       000000
__Ltext18                    text18       000000
__Ltext19                    text19       000000
__Ltext2                     text2        000000
__Ltext20                    text20       000000
__Ltext21                    text21       000000
__Ltext22                    text22       000000
__Ltext23                    text23       000000
__Ltext3                     text3        000000
__Ltext4                     text4        000000
__Ltext5                     text5        000000
__Ltext6                     text6        000000
__Ltext7                     text7        000000
__Ltext8                     text8        000000
__Ltext9                     text9        000000
__S0                         (abs)        000D58
__S1                         (abs)        0001DE
__S4                         (abs)        000000
__S5                         (abs)        000000
___heap_hi                   (abs)        000000
___heap_lo                   (abs)        000000
___inthi_sp                  stack        000000
___intlo_sp                  stack        000000
___lwdiv                     text14       000B06
___lwdiv@counter             cstackCOMRAM 00000D
___lwdiv@dividend            cstackCOMRAM 000007
___lwdiv@divisor             cstackCOMRAM 000009
___lwdiv@quotient            cstackCOMRAM 00000B
___param_bank                (abs)        000000
___rparam_used               (abs)        000001
___sp                        stack        000000
___wmul                      text13       000C9A
___wmul@multiplicand         cstackCOMRAM 000003
___wmul@multiplier           cstackCOMRAM 000001
___wmul@product              cstackCOMRAM 000005
__accesstop                  (abs)        000060
__activetblptr               (abs)        000000
__end_of_HighISR             intcode      000028
__end_of_I2C_2_Master_Idle   text20       000C9A
__end_of_I2C_2_Master_Init   text21       000C4A
__end_of_I2C_2_Master_Start  text19       000D58
__end_of_I2C_2_Master_Stop   text18       000D4E
__end_of_I2C_2_Master_Write  text17       000D38
__end_of_Interrupts_init     text23       000D44
__end_of_Timer0_init         text22       000D2C
__end_of___lwdiv             text14       000B7A
__end_of___wmul              text13       000CC0
__end_of__initialization     cinit        000D10
__end_of_color_click_init    text15       000C20
__end_of_color_writetoaddr   text16       000CE0
__end_of_fullSpeedAhead      text11       000A76
__end_of_initDCmotorsPWM     text10       000B06
__end_of_main                text0        00032C
__end_of_savepath            text9        000CFE
__end_of_savetime            text8        000C72
__end_of_setMotorPWM         text12       000498
__end_of_square              text6        0009C2
__end_of_stop                text7        000BEC
__end_of_turn180             text5        00075C
__end_of_turnLeft135         text4        000672
__end_of_turnLeft90          text3        000586
__end_of_turnRight135        text2        000830
__end_of_turnRight90         text1        000902
__initialization             cinit        000CFE
__mediumconst                mediumconst  000000
__pbssBANK1                  bssBANK1     0001DC
__pbssCOMRAM                 bssCOMRAM    000021
__pcinit                     cinit        000CFE
__pcstackBANK1               cstackBANK1  000100
__pcstackCOMRAM              cstackCOMRAM 000001
__pintcode                   intcode      000008
__ptext0                     text0        00002C
__ptext1                     text1        000830
__ptext10                    text10       000A76
__ptext11                    text11       0009C2
__ptext12                    text12       00032C
__ptext13                    text13       000C9A
__ptext14                    text14       000B06
__ptext15                    text15       000BEC
__ptext16                    text16       000CC0
__ptext17                    text17       000D2C
__ptext18                    text18       000D44
__ptext19                    text19       000D4E
__ptext2                     text2        00075C
__ptext20                    text20       000C72
__ptext21                    text21       000C20
__ptext22                    text22       000D1A
__ptext23                    text23       000D38
__ptext3                     text3        000498
__ptext4                     text4        000586
__ptext5                     text5        000672
__ptext6                     text6        000902
__ptext7                     text7        000B7A
__ptext8                     text8        000C4A
__ptext9                     text9        000CE0
__ramtop                     ramtop       000E00
__smallconst                 smallconst   000000
_color_click_init            text15       000BEC
_color_writetoaddr           text16       000CC0
_fullSpeedAhead              text11       0009C2
_initDCmotorsPWM             text10       000A76
_main                        text0        00002C
_off_period                  bssCOMRAM    000021
_on_period                   bssCOMRAM    000023
_pathposition                bssCOMRAM    000025
_savepath                    text9        000CE0
_savetime                    text8        000C4A
_setMotorPWM                 text12       00032C
_square                      text6        000902
_stop                        text7        000B7A
_timeposition                bssCOMRAM    000026
_timercount                  bssBANK1     0001DC
_turn180                     text5        000672
_turnLeft135                 text4        000586
_turnLeft90                  text3        000498
_turnRight135                text2        00075C
_turnRight90                 text1        000830
btemp                        temp         000027
color_writetoaddr@address    cstackCOMRAM 000004
color_writetoaddr@value      cstackCOMRAM 000003
end_of_initialization        cinit        000D10
fullSpeedAhead@dir           cstackCOMRAM 000018
fullSpeedAhead@mL            cstackCOMRAM 000014
fullSpeedAhead@mR            cstackCOMRAM 000016
initDCmotorsPWM@PWMperiod    cstackCOMRAM 000001
int$flags                    temp         000027
intlevel0                    text         000000
intlevel1                    text         000000
intlevel2                    text         000000
intlevel3                    text         000000
isa$std                      (abs)        000001
isa$xinst                    (abs)        000000
main@a                       cstackBANK1  0001C8
main@motorL                  cstackBANK1  0001CA
main@motorR                  cstackBANK1  0001D3
main@path                    cstackBANK1  000164
main@timearray               cstackBANK1  000100
savepath@instruction         cstackCOMRAM 000003
savepath@path                cstackCOMRAM 000001
savetime@timearray           cstackCOMRAM 000001
savetime@timercount          cstackCOMRAM 000003
setMotorPWM@m                cstackCOMRAM 00000E
setMotorPWM@negDuty          cstackCOMRAM 000013
setMotorPWM@posDuty          cstackCOMRAM 000012
square@dir                   cstackCOMRAM 00001D
square@mL                    cstackCOMRAM 000019
square@mR                    cstackCOMRAM 00001B
stackhi                      (abs)        000000
stacklo                      (abs)        000000
start                        init         000028
start_initialization         cinit        000CFE
stop@mL                      cstackCOMRAM 000014
stop@mR                      cstackCOMRAM 000016
ttemp5                       temp         000028
ttemp6                       temp         00002B
ttemp7                       temp         00002F
turn180@mL                   cstackCOMRAM 000019
turn180@mR                   cstackCOMRAM 00001B
turnLeft135@mL               cstackCOMRAM 000019
turnLeft135@mR               cstackCOMRAM 00001B
turnLeft90@mL                cstackCOMRAM 000019
turnLeft90@mR                cstackCOMRAM 00001B
turnRight135@mL              cstackCOMRAM 000019
turnRight135@mR              cstackCOMRAM 00001B
turnRight90@mL               cstackCOMRAM 000019
turnRight90@mR               cstackCOMRAM 00001B
wtemp8                       temp         000028


MODULE INFORMATION

Module		Function		Class		Link	Load	Size
C:\Program Files\Microchip\xc8\v2.40\pic\sources\c99\common\lwdiv.c
		___lwdiv       		CODE           	0B06	0000	116

C:\Program Files\Microchip\xc8\v2.40\pic\sources\c99\common\lwdiv.c estimated size: 116

color.c
		_color_writetoaddr		CODE           	0CC0	0000	32
		_color_click_init		CODE           	0BEC	0000	52

color.c estimated size: 84

C:\Program Files\Microchip\xc8\v2.40\pic\sources\c99\common\Umul16.c
		___wmul        		CODE           	0C9A	0000	38

C:\Program Files\Microchip\xc8\v2.40\pic\sources\c99\common\Umul16.c estimated size: 38

mainfinal.c
		_main          		CODE           	002C	0000	768
		_HighISR       		CODE           	0008	0000	32

mainfinal.c estimated size: 800

dc_motor.c
		_fullSpeedAhead		CODE           	09C2	0000	180
		_turnLeft90    		CODE           	0498	0000	238
		_turnLeft135   		CODE           	0586	0000	236
		_stop          		CODE           	0B7A	0000	114
		_savetime      		CODE           	0C4A	0000	40
		_initDCmotorsPWM		CODE           	0A76	0000	144
		_turnRight90   		CODE           	0830	0000	210
		_turnRight135  		CODE           	075C	0000	212
		_square        		CODE           	0902	0000	192
		_setMotorPWM   		CODE           	032C	0000	364
		_savepath      		CODE           	0CE0	0000	30
		_turn180       		CODE           	0672	0000	234

dc_motor.c estimated size: 2194

i2c.c
		_I2C_2_Master_Start		CODE           	0D4E	0000	10
		_I2C_2_Master_Idle		CODE           	0C72	0000	40
		_I2C_2_Master_Init		CODE           	0C20	0000	42
		_I2C_2_Master_Stop		CODE           	0D44	0000	10
		_I2C_2_Master_Write		CODE           	0D2C	0000	12

i2c.c estimated size: 114

timer0.c
		_Timer0_init   		CODE           	0D1A	0000	18
		_Interrupts_init		CODE           	0D38	0000	12

timer0.c estimated size: 30

shared
		__initialization		CODE           	0CFE	0000	18

shared estimated size: 18

